[microsoft-365-setup-guide-staging.b12sites.com/index.html]
[backblue.gif]
[fade.gif]
[index.html]
[code.jquery.com/jquery-3.3.1.min.js]
[cdn.b12.io/client_media/CMdnKjlt/772a9902-1e17-11f0-87c3-0242ac110002-jpg-hero_image.jpg]
[cdn.b12.io/client_media/CMdnKjlt/77697aa0-1e17-11f0-87c3-0242ac110002-jpg-hero_image.jpg]
[cdn.b12.io/client_media/CMdnKjlt/7b080726-1e17-11f0-87c3-0242ac110002-jpg-hero_image.jpg]
[cdn.b12.io/client_media/CMdnKjlt/7b1803ce-1e17-11f0-87c3-0242ac110002-jpg-regular_image.jpg]
[cdn.b12.io/client_media/CMdnKjlt/7b5327b0-1e17-11f0-87c3-0242ac110002-jpg-hero_image.jpg]
[cdn.b12.io/client_media/CMdnKjlt/7b6ef6de-1e17-11f0-87c3-0242ac110002-jpg-regular_image.jpg]
[cdn.b12.io/client_media/CMdnKjlt/7a7ff7b4-1e17-11f0-87c3-0242ac110002-jpg-hero_image.jpg]
[cdn.b12.io/client_media/CMdnKjlt/7a944020-1e17-11f0-87c3-0242ac110002-jpg-regular_image.jpg]
[cdn.b12.io/prod_traffic/global.js]
[www.google.com/recaptcha/apifb47.js]
[microsoft-365-setup-guide-staging.b12sites.com/index.html]
